2026-05-24 15:04:12, MOVE, v:1, k:fup@sapatos, mode:PICK
2026-05-24 15:04:13, EXEC, v:1, k:fup@sapatos, mode:FULL, rate:100
2026-05-24 15:04:15, EXEC, v:1, k:fup@sapatos, mode:FULL, rate:100
2026-05-24 15:04:16, MOVE, v:1, k:fup@sapatos, mode:BACK
2026-05-24 15:04:20, MOVE, v:1, k:fup@filhos, mode:DOWN
2026-05-24 15:04:21, MOVE, v:1, k:fup@filhos, mode:PICK
2026-05-24 15:04:55, MOVE, v:1, k:fup@filhos, mode:BACK
2026-05-24 15:05:51, MOVE, v:1, k:fup@filhos, mode:PICK
2026-05-24 15:05:52, EXEC, v:1, k:fup@filhos, mode:FULL, rate:0, size:5
2026-05-24 15:04:14, MOVE, v:1, k:fup@sapatos, mode:EDIT
2026-05-24 15:04:20, MOVE, v:1, k:fup@filhos, mode:EDIT
2026-05-24 15:04:20, MOVE, v:1, k:fup@filhos, mode:EDIT
2026-05-24 15:04:20, MOVE, v:1, k:fup@filhos, mode:EDIT
2026-05-24 15:05:52, MOVE, v:1, k:fup@filhos, mode:EDIT
2026-05-24 17:46:29, MOVE, v:1, k:fup@filhos, mode:PICK
2026-05-24 17:46:37, EXEC, v:1, k:fup@filhos, mode:FULL, rate:0
2026-05-24 17:46:37, MOVE, v:1, k:fup@filhos, mode:EDIT
2026-05-24 17:51:24, MOVE, v:1, k:fup@filhos, mode:EDIT
2026-05-24 17:52:55, EXEC, v:1, k:fup@filhos, mode:FULL, rate:100, size:12
2026-05-24 17:52:56, EXEC, v:1, k:fup@filhos, mode:FULL, rate:100
2026-05-24 17:52:57, MOVE, v:1, k:fup@filhos, mode:BACK
2026-05-24 17:53:08, SELF, v:1, k:fup@filhos, self:1, rate:100
2026-05-24 17:53:15, MOVE, v:1, k:fup@ceu, mode:DOWN
2026-05-24 17:53:17, MOVE, v:1, k:fup@ceu, mode:PICK
2026-05-24 17:52:53, MOVE, v:1, k:fup@filhos, mode:EDIT
2026-05-24 17:52:56, MOVE, v:1, k:fup@filhos, mode:EDIT
2026-05-24 17:53:15, MOVE, v:1, k:fup@ceu, mode:EDIT
2026-05-24 17:53:15, MOVE, v:1, k:fup@ceu, mode:EDIT
2026-05-24 17:53:15, MOVE, v:1, k:fup@ceu, mode:EDIT
2026-05-24 18:00:12, EXEC, v:1, k:fup@ceu, mode:FULL, rate:0, size:17
2026-05-24 18:00:13, EXEC, v:1, k:fup@ceu, mode:FULL, rate:0
2026-05-24 18:01:06, EXEC, v:1, k:fup@ceu, mode:FULL, rate:0, size:17
2026-05-24 18:01:18, MOVE, v:1, k:fup@ceu, mode:PICK
2026-05-24 18:01:19, EXEC, v:1, k:fup@ceu, mode:FULL, rate:0
2026-05-24 18:02:05, EXEC, v:1, k:fup@ceu, mode:FULL, rate:0, size:17
2026-05-24 18:04:07, EXEC, v:1, k:fup@ceu, mode:FULL, rate:0, size:20
2026-05-24 18:04:08, EXEC, v:1, k:fup@ceu, mode:FULL, rate:0
2026-05-24 18:04:09, EXEC, v:1, k:fup@ceu, mode:FULL, rate:0
2026-05-24 18:05:19, EXEC, v:1, k:fup@ceu, mode:FULL, rate:0, size:20
2026-05-24 18:05:19, MOVE, v:1, k:fup@ceu, mode:EDIT
2026-05-24 18:05:27, MOVE, v:1, k:fup@ceu, mode:EDIT
2026-05-24 18:08:06, EXEC, v:1, k:fup@ceu, mode:FULL, rate:0, size:22
2026-05-24 18:08:08, EXEC, v:1, k:fup@ceu, mode:FULL, rate:0
2026-05-24 18:10:31, EXEC, v:1, k:fup@ceu, mode:FULL, size:22, fail:COMP
2026-05-24 18:10:32, EXEC, v:1, k:fup@ceu, mode:FULL, fail:COMP
2026-05-24 18:10:52, EXEC, v:1, k:fup@ceu, mode:FULL, rate:0, size:22
2026-05-24 18:11:14, EXEC, v:1, k:fup@ceu, mode:FULL, rate:0, size:22
2026-05-24 18:11:13, MOVE, v:1, k:fup@ceu, mode:EDIT
2026-05-24 18:11:14, MOVE, v:1, k:fup@ceu, mode:EDIT
2026-05-24 18:11:22, EXEC, v:1, k:fup@ceu, mode:FULL, rate:0, size:22
2026-05-24 18:11:28, EXEC, v:1, k:fup@ceu, mode:FULL, rate:0, size:22
2026-05-24 18:11:34, EXEC, v:1, k:fup@ceu, mode:FREE
2026-05-24 18:12:12, EXEC, v:1, k:fup@ceu, mode:FULL, rate:0, size:22
2026-05-24 18:12:19, EXEC, v:1, k:fup@ceu, mode:FULL, rate:0, size:22
2026-05-24 18:12:36, EXEC, v:1, k:fup@ceu, mode:FULL, rate:0
2026-05-24 18:12:36, EXEC, v:1, k:fup@ceu, mode:FULL, rate:0
2026-05-24 18:16:07, MOVE, v:1, k:fup@ceu, mode:EDIT
2026-05-24 18:12:36, MOVE, v:1, k:fup@ceu, mode:EDIT
2026-05-24 18:16:32, EXEC, v:1, k:fup@ceu, mode:FULL, rate:0, size:27
2026-05-24 18:16:33, EXEC, v:1, k:fup@ceu, mode:FULL, rate:0
2026-05-24 18:16:59, MOVE, v:1, k:fup@ceu, mode:BACK
2026-05-24 18:17:07, MOVE, v:1, k:fup@esconde, mode:DOWN
2026-05-24 18:17:08, MOVE, v:1, k:fup@esconde, mode:PICK
2026-05-24 18:16:31, MOVE, v:1, k:fup@ceu, mode:EDIT
2026-05-24 18:16:33, MOVE, v:1, k:fup@ceu, mode:EDIT
2026-05-24 18:17:07, MOVE, v:1, k:fup@esconde, mode:EDIT
2026-05-24 18:17:07, MOVE, v:1, k:fup@esconde, mode:EDIT
2026-05-24 18:17:07, MOVE, v:1, k:fup@esconde, mode:EDIT
2026-05-24 18:41:16, MOVE, v:1, k:fup@esconde, mode:EDIT
2026-05-24 18:41:32, EXEC, v:1, k:fup@esconde, mode:FULL, rate:100, size:14
2026-05-24 18:41:33, EXEC, v:1, k:fup@esconde, mode:FULL, rate:100
2026-05-24 18:41:34, MOVE, v:1, k:fup@esconde, mode:BACK
2026-05-24 18:41:41, SELF, v:1, k:fup@esconde, self:1, rate:100
2026-05-24 18:41:30, MOVE, v:1, k:fup@esconde, mode:EDIT
2026-05-24 18:41:33, MOVE, v:1, k:fup@esconde, mode:EDIT
2026-05-24 18:47:04, MOVE, v:1, k:fup@zigzag, mode:DOWN
2026-05-24 18:47:06, MOVE, v:1, k:fup@zigzag, mode:PICK
2026-05-24 18:47:04, MOVE, v:1, k:fup@zigzag, mode:EDIT
2026-05-24 18:47:04, MOVE, v:1, k:fup@zigzag, mode:EDIT
2026-05-24 18:47:04, MOVE, v:1, k:fup@zigzag, mode:EDIT
2026-05-24 18:56:15, MOVE, v:1, k:fup@zigzag, mode:EDIT
2026-05-24 18:57:44, EXEC, v:1, k:fup@zigzag, mode:FULL, size:19, fail:COMP
2026-05-24 18:57:51, EXEC, v:1, k:fup@zigzag, mode:FULL, rate:0, size:19
2026-05-24 18:57:53, EXEC, v:1, k:fup@zigzag, mode:FULL, rate:0
2026-05-24 18:58:33, EXEC, v:1, k:fup@zigzag, mode:FULL, rate:100, size:19
2026-05-24 18:58:34, EXEC, v:1, k:fup@zigzag, mode:FULL, rate:100
2026-05-24 18:58:35, MOVE, v:1, k:fup@zigzag, mode:BACK
2026-05-24 18:58:43, SELF, v:1, k:fup@zigzag, self:1, rate:100
2026-05-24 18:58:55, MOVE, v:1, k:fup@colorido, mode:DOWN
2026-05-24 18:58:56, MOVE, v:1, k:fup@colorido, mode:PICK
2026-05-24 18:58:32, MOVE, v:1, k:fup@zigzag, mode:EDIT
2026-05-24 18:58:34, MOVE, v:1, k:fup@zigzag, mode:EDIT
2026-05-24 18:58:55, MOVE, v:1, k:fup@colorido, mode:EDIT
2026-05-24 18:58:55, MOVE, v:1, k:fup@colorido, mode:EDIT
2026-05-24 18:58:55, MOVE, v:1, k:fup@colorido, mode:EDIT
2026-05-24 19:11:15, MOVE, v:1, k:fup@colorido, mode:EDIT
2026-05-24 19:16:17, MOVE, v:1, k:fup@colorido, mode:EDIT
2026-05-24 19:17:15, EXEC, v:1, k:fup@colorido, mode:FULL, size:23, fail:COMP
2026-05-24 19:17:16, EXEC, v:1, k:fup@colorido, mode:FULL, fail:COMP
2026-05-24 19:19:25, EXEC, v:1, k:fup@colorido, mode:FULL, size:29, fail:COMP
2026-05-24 19:19:35, EXEC, v:1, k:fup@colorido, mode:FULL, rate:0, size:29
2026-05-24 19:19:37, EXEC, v:1, k:fup@colorido, mode:FULL, rate:0
2026-05-24 19:19:34, MOVE, v:1, k:fup@colorido, mode:EDIT
2026-05-24 19:19:37, MOVE, v:1, k:fup@colorido, mode:EDIT
2026-05-24 19:22:57, EXEC, v:1, k:fup@colorido, mode:FULL, rate:0, size:50
2026-05-24 19:22:58, EXEC, v:1, k:fup@colorido, mode:FULL, rate:0
2026-05-24 19:23:35, MOVE, v:1, k:fup@colorido, mode:BACK
