2026-06-01 17:15:58, MOVE, v:1, k:fup@patas, mode:PICK
2026-06-01 17:16:02, EXEC, v:1, k:fup@patas, mode:FULL, rate:28
2026-06-01 17:16:02, EXEC, v:1, k:fup@patas, mode:FULL, rate:28
2026-06-01 17:16:03, EXEC, v:1, k:fup@patas, mode:FULL, rate:28
2026-06-01 17:16:49, MOVE, v:1, k:fup@patas, mode:BACK
2026-06-01 17:16:53, MOVE, v:1, k:fup@patas, mode:PICK
2026-06-01 17:16:54, EXEC, v:1, k:fup@patas, mode:FULL, rate:28
2026-06-01 17:16:54, MOVE, v:1, k:fup@patas, mode:EDIT
2026-06-01 17:21:34, EXEC, v:1, k:fup@patas, mode:FULL, rate:28, size:41
2026-06-01 17:21:25, MOVE, v:1, k:fup@patas, mode:EDIT
2026-06-01 17:21:34, MOVE, v:1, k:fup@patas, mode:EDIT
2026-06-01 17:23:38, EXEC, v:1, k:fup@patas, mode:FULL, rate:71, size:41
2026-06-01 17:23:39, EXEC, v:1, k:fup@patas, mode:FULL, rate:71
2026-06-01 17:25:55, EXEC, v:1, k:fup@patas, mode:FULL, rate:71
2026-06-01 17:27:24, MOVE, v:1, k:fup@patas, mode:EDIT
2026-06-01 17:25:55, MOVE, v:1, k:fup@patas, mode:EDIT
2026-06-01 17:32:27, MOVE, v:1, k:fup@patas, mode:EDIT
2026-06-01 17:37:36, MOVE, v:1, k:fup@patas, mode:EDIT
2026-06-01 17:42:35, MOVE, v:1, k:fup@patas, mode:EDIT
2026-06-01 17:44:44, MOVE, v:1, k:fup@patas, mode:BACK
